// Jest Snapshot v1, https://goo.gl/fbAQLP

exports[`AnimationLoader always renders a div tag 1`] = `
<div
  className="Lds"
>
  <div
    className="LdsSpinner"
  >
    <div />
    <div />
    <div />
    <div />
    <div />
    <div />
    <div />
    <div />
    <div />
    <div />
    <div />
    <div />
  </div>
</div>
`;
